/tmp/GRXT-Math.zip: OK
Archive:  /tmp/GRXT-Math.zip
    testing: GRXT-Math/               OK
    testing: GRXT-Math/tools/         OK
    testing: GRXT-Math/tools/EngineSmokeTest.kt   OK
    testing: GRXT-Math/tools/test-engine.sh   OK
    testing: GRXT-Math/app/           OK
    testing: GRXT-Math/app/src/       OK
    testing: GRXT-Math/app/src/main/   OK
    testing: GRXT-Math/app/src/main/java/   OK
    testing: GRXT-Math/app/src/main/java/com/   OK
    testing: GRXT-Math/app/src/main/java/com/grxt/   OK
    testing: GRXT-Math/app/src/main/java/com/grxt/math/   OK
    testing: GRXT-Math/app/src/main/java/com/grxt/math/MainActivity.kt   OK
    testing: GRXT-Math/app/src/main/java/com/grxt/math/storage/   OK
    testing: GRXT-Math/app/src/main/java/com/grxt/math/storage/HistoryStore.kt   OK
    testing: GRXT-Math/app/src/main/java/com/grxt/math/ocr/   OK
    testing: GRXT-Math/app/src/main/java/com/grxt/math/ocr/MathOcr.kt   OK
    testing: GRXT-Math/app/src/main/java/com/grxt/math/ui/   OK
    testing: GRXT-Math/app/src/main/java/com/grxt/math/ui/GrxtMathApp.kt   OK
    testing: GRXT-Math/app/src/main/res/   OK
    testing: GRXT-Math/app/src/main/res/values/   OK
    testing: GRXT-Math/app/src/main/res/values/strings.xml   OK
    testing: GRXT-Math/app/src/main/res/xml/   OK
    testing: GRXT-Math/app/src/main/res/xml/file_paths.xml   OK
    testing: GRXT-Math/app/src/main/res/mipmap-hdpi/   OK
    testing: GRXT-Math/app/src/main/AndroidManifest.xml   OK
    testing: GRXT-Math/app/build.gradle.kts   OK
    testing: GRXT-Math/.gitignore     OK
    testing: GRXT-Math/gradle/        OK
    testing: GRXT-Math/gradle/wrapper/   OK
    testing: GRXT-Math/gradle/wrapper/gradle-wrapper.properties   OK
    testing: GRXT-Math/TEST_REPORT.md   OK
    testing: GRXT-Math/gradlew        OK
    testing: GRXT-Math/gradle.properties   OK
    testing: GRXT-Math/math-core/     OK
    testing: GRXT-Math/math-core/src/   OK
    testing: GRXT-Math/math-core/src/main/   OK
    testing: GRXT-Math/math-core/src/main/kotlin/   OK
    testing: GRXT-Math/math-core/src/main/kotlin/com/   OK
    testing: GRXT-Math/math-core/src/main/kotlin/com/grxt/   OK
    testing: GRXT-Math/math-core/src/main/kotlin/com/grxt/math/   OK
    testing: GRXT-Math/math-core/src/main/kotlin/com/grxt/math/core/   OK
    testing: GRXT-Math/math-core/src/main/kotlin/com/grxt/math/core/MathEngine.kt   OK
    testing: GRXT-Math/math-core/src/test/   OK
    testing: GRXT-Math/math-core/src/test/kotlin/   OK
    testing: GRXT-Math/math-core/src/test/kotlin/com/   OK
    testing: GRXT-Math/math-core/src/test/kotlin/com/grxt/   OK
    testing: GRXT-Math/math-core/src/test/kotlin/com/grxt/math/   OK
    testing: GRXT-Math/math-core/src/test/kotlin/com/grxt/math/core/   OK
    testing: GRXT-Math/math-core/src/test/kotlin/com/grxt/math/core/MathEngineTest.kt   OK
    testing: GRXT-Math/math-core/build.gradle.kts   OK
    testing: GRXT-Math/build.gradle.kts   OK
    testing: GRXT-Math/settings.gradle.kts   OK
    testing: GRXT-Math/README.md      OK
No errors detected in compressed data of /tmp/GRXT-Math.zip.
yes: standard output: Broken pipe
Loading package information...                                                  Loading local repository...                                                     [                                       ] 3% Loading local repository...        [                                       ] 3% Fetch remote repository...         [=                                      ] 3% Fetch remote repository...         [=                                      ] 4% Fetch remote repository...         [=                                      ] 5% Fetch remote repository...         [==                                     ] 5% Fetch remote repository...         [==                                     ] 6% Fetch remote repository...         [==                                     ] 7% Fetch remote repository...         [==                                     ] 7% Computing updates...               [===                                    ] 8% Computing updates...               [===                                    ] 10% Computing updates...              [=======================================] 100% Computing updates...             

  % Total    % Received % Xferd  Average Speed   Time    Time     Time  Current
                                 Dload  Upload   Total   Spent    Left  Speed
  0     0    0     0    0     0      0      0 --:--:-- --:--:-- --:--:--     0100   169  100   169    0     0   2475      0 --:--:-- --:--:-- --:--:--  2485
  0     0    0     0    0     0      0      0 --:--:-- --:--:-- --:--:--     0
 86  133M   86  115M    0     0   138M      0 --:--:-- --:--:-- --:--:--  138M100  133M  100  133M    0     0   146M      0 --:--:-- --:--:-- --:--:--  223M

Welcome to Gradle 9.5.0!

Here are the highlights of this release:
 - Task provenance in reports and failure messages
 - Type-safe accessors for precompiled Kotlin Settings plugins

For more details see https://docs.gradle.org/9.5.0/release-notes.html

To honour the JVM settings for this build a single-use Daemon process will be forked. For more on this, please refer to https://docs.gradle.org/9.5.0/userguide/gradle_daemon.html#sec:disabling_the_daemon in the Gradle documentation.
Daemon will be stopped at the end of the build 
> Task :math-core:checkKotlinGradlePluginConfigurationErrors SKIPPED
> Task :math-core:processResources NO-SOURCE
> Task :math-core:processTestResources NO-SOURCE
> Task :app:preBuild UP-TO-DATE
> Task :app:preDebugBuild UP-TO-DATE
> Task :app:mergeDebugNativeDebugMetadata NO-SOURCE
> Task :app:generateDebugResources
> Task :app:packageDebugResources
> Task :math-core:compileKotlin
> Task :app:processDebugNavigationResources
> Task :math-core:compileJava NO-SOURCE
> Task :math-core:classes UP-TO-DATE
> Task :math-core:jar
> Task :app:javaPreCompileDebug
> Task :app:generateDebugAssets UP-TO-DATE
> Task :app:parseDebugLocalResources
> Task :app:mergeDebugAssets
> Task :math-core:compileTestKotlin
> Task :app:generateDebugRFile
> Task :math-core:compileTestJava NO-SOURCE
> Task :math-core:testClasses UP-TO-DATE
> Task :app:compressDebugAssets
> Task :math-core:test
> Task :app:generateDebugGlobalSynthetics

> Task :app:compileDebugKotlin
e: file:///home/runner/work/Gr1xzz11/Gr1xzz11/GRXT-Math/app/src/main/java/com/grxt/math/ui/GrxtMathApp.kt:17:43 Cannot access 'val RowColumnParentData?.weight: Float': it is internal in file.

> Task :app:compileDebugKotlin FAILED
> Task :app:checkDebugDuplicateClasses
> Task :app:desugarDebugFileDependencies

FAILURE: Build failed with an exception.

* What went wrong:
Execution failed for task ':app:compileDebugKotlin' (registered by plugin 'com.android.internal.application').
> A failure occurred while executing org.jetbrains.kotlin.compilerRunner.btapi.BuildToolsApiCompilationWork
   > Compilation error. See log for more details

* Try:
> Run with --stacktrace option to get the stack trace.
> Run with --info or --debug option to get more log output.
> Run with --scan to get full insights from a Build Scan (powered by Develocity).
> Get more help at https://help.gradle.org.

BUILD FAILED in 1m 36s
16 actionable tasks: 16 executed
